C51 COMPILER V9.60.7.0   TIME                                                              08/03/2023 13:17:35 PAGE 1   


C51 COMPILER V9.60.7.0, COMPILATION OF MODULE TIME
OBJECT MODULE PLACED IN .\Objects\time.obj
COMPILER INVOKED BY: D:\Keil_v5\C51\BIN\C51.EXE time.c OPTIMIZE(8,SPEED) BROWSE DEBUG OBJECTEXTEND PRINT(.\Listings\time
                    -.lst) OBJECT(.\Objects\time.obj)

line level    source

   1          #include <STC89C5xRC.H>
   2          #include "delay.h"
   3          
   4          unsigned char num0[]={0x3F,0x06,0x5B,0x4F,0x66,0x6D,0x7D,0x07,0x7F,0x6F};
   5          unsigned char num1[]={0xBF,0x86,0xDB,0xCF,0xE6,0xED,0xFD,0x87,0xFF,0xEF};
   6          
   7          void Ntube(unsigned char location, number, sign)
   8          {
   9   1              switch(location)
  10   1              {
  11   2                      case 1:P24=0;P23=0;P22=0;break;
  12   2                      case 2:P24=0;P23=0;P22=1;break;
  13   2                      case 3:P24=0;P23=1;P22=0;break;
  14   2                      case 4:P24=0;P23=1;P22=1;break;
  15   2                      case 5:P24=1;P23=0;P22=0;break;
  16   2                      case 6:P24=1;P23=0;P22=1;break;
  17   2                      case 7:P24=1;P23=1;P22=0;break;
  18   2                      case 8:P24=1;P23=1;P22=1;break;
  19   2              }
  20   1              if(sign)
  21   1                      P0=num1[number];
  22   1              else
  23   1                      P0=num0[number];
  24   1              delay(1);
  25   1              P0=0x00;
  26   1      }
  27          /**@brief  数码管显示函数
  28            *@param  location:显示位置
  29            *@param  number:显示数字
  30            *@param  sign:是否显示小数点--0不显示，1显示
  31            *@retval 无
  32            */


MODULE INFORMATION:   STATIC OVERLAYABLE
   CODE SIZE        =    120    ----
   CONSTANT SIZE    =   ----    ----
   XDATA SIZE       =   ----    ----
   PDATA SIZE       =   ----    ----
   DATA SIZE        =     20       2
   IDATA SIZE       =   ----    ----
   BIT SIZE         =   ----    ----
END OF MODULE INFORMATION.


C51 COMPILATION COMPLETE.  0 WARNING(S),  0 ERROR(S)
